Queue: Q1 (G/G/1/3/âˆž/FCFS):
State: 0, Time: 2.0, Probability: 24.022%
State: 1, Time: 1.8851, Probability: 22.6419%
State: 2, Time: 1.7850999999999986, Probability: 21.4408%
State: 3, Time: 2.655500000000001, Probability: 31.8952%
Number of remaining clients: 3
Losses: 1
Simulation time: 8.3257 seconds
Total losses: 1
